
> portfolio-2024@0.1.0 build
> next build

  ▲ Next.js 14.2.26
  - Environments: .env.local


> Build error occurred
Error: EACCES: permission denied, unlink '/Users/Brian/dev/portfolio-2024/.next/server/app-paths-manifest.json'
    at async Object.unlink (node:internal/fs/promises:1066:10)
    at async unlinkPath (/Users/Brian/dev/portfolio-2024/node_modules/next/dist/lib/recursive-delete.js:25:13)
    at async Promise.all (index 1)
    at async recursiveDelete (/Users/Brian/dev/portfolio-2024/node_modules/next/dist/lib/recursive-delete.js:51:5)
    at async /Users/Brian/dev/portfolio-2024/node_modules/next/dist/lib/recursive-delete.js:68:17
    at async Promise.all (index 1)
    at async recursiveDelete (/Users/Brian/dev/portfolio-2024/node_modules/next/dist/lib/recursive-delete.js:51:5)
    at async /Users/Brian/dev/portfolio-2024/node_modules/next/dist/build/index.js:694:17
    at async Span.traceAsyncFn (/Users/Brian/dev/portfolio-2024/node_modules/next/dist/trace/trace.js:154:20)
    at async build (/Users/Brian/dev/portfolio-2024/node_modules/next/dist/build/index.js:368:9) {
  errno: -13,
  code: 'EACCES',
  syscall: 'unlink',
  path: '/Users/Brian/dev/portfolio-2024/.next/server/app-paths-manifest.json'
}
